// Jest Snapshot v1, https://goo.gl/fbAQLP

exports[`<PostCard /> should match snapshot 1`] = `
.c3 {
  font-size: 2.4rem;
  text-transform: lowercase;
  font-style: italic;
}

.c0 .c2 {
  margin: 0;
  margin-top: calc(1.4rem - 0.6rem);
  margin-bottom: 1.4rem;
}

.c0 a {
  text-decoration: none;
  color: inherit;
  transition: all 300ms ease-in-out;
}

.c0:hover a {
  color: #dc143c;
}

.c0:hover img {
  opacity: 0.8;
}

.c1 {
  max-width: 100%;
  transition: opacity 300ms ease-in-out;
}

<div>
   
  <div
    class="c0"
  >
    <a
      href="/desenvolvimento-web"
    >
      <img
        alt="desenvolvimento web"
        class="c1"
        src="https://res.cloudinary.com/drko8mcj9/image/upload/v1691449461/photo_1498050108023_c5249f4df085_df84325049.webp"
      />
    </a>
    <h2
      class="c2 c3"
    >
      <a
        href="/desenvolvimento-web"
      >
        desenvolvimento web
      </a>
    </h2>
    <p
      class=""
    >
      As varias areas de desenvolvimento web
    </p>
  </div>
   
</div>
`;
