// Jest Snapshot v1, https://goo.gl/fbAQLP

exports[`<Footer/> should render 1`] = `
.c2 {
  font-size: 1.8rem;
  text-align: left;
}

.c2 p {
  margin: 4.0rem 0;
}

.c2 a {
  color: #dc143c;
}

.c2 a:hover {
  filter: brightness(50%);
}

.c2 pre {
  background-color: #000;
  padding: 2.4rem;
  font-family: monospace;
  color: #FFF;
}

.c2 img {
  max-width: 100%;
  padding: 4.8rem 0;
}

.c0 {
  border-top: 0.1rem solid #DDD;
}

.c0 .c1 {
  font-size: 1.4rem;
  text-align: center;
  margin: 0;
}

.c0 a {
  color: inherit;
  text-decoration: none;
  font-size: 1.4rem;
}

<div>
   
  <footer
    class="c0"
  >
    <p
      class="c1 c2"
    >
      <h1>
        Hello world
      </h1>
    </p>
  </footer>
   
</div>
`;
