// Jest Snapshot v1, https://goo.gl/fbAQLP

exports[`<PostGrid /> should match snapshot 1`] = `
.c4 {
  font-size: 2.4rem;
  text-transform: capitalize;
  font-style: italic;
}

.c2 .c3 {
  margin: calc(1.4rem - 0.6rem) 0;
}

.c2 a {
  text-decoration: none;
  color: inherit;
  transition: all 300ms ease-in-out;
}

.c2:hover a {
  color: #dc143c;
}

.c2:hover img {
  opacity: 0.8;
}

.c6 {
  max-width: calc(4.0rem * 10);
  width: 100%;
  max-height: calc(1.8rem * 11);
  height: 100%;
  transition: opacity 300ms ease-in-out;
  border-radius: 4px;
  border: 1px solid #ddd;
}

.c5 {
  margin: 0;
}

.c0 {
  width: 100%;
}

.c1 {
  max-width: 120rem;
  margin: 0 auto;
  display: grid;
  grid-template-columns: repeat(auto-fill,minmax(28rem,1fr));
  gap: 3.2rem;
  padding: 3.2rem;
}

@media (max-width: 500px) {
  .c1 {
    grid-template-columns: 1fr;
  }
}

<div>
   
  <div
    class="c0"
  >
    <div
      class="c1"
    >
      <div
        class="c2"
      >
        <h2
          class="c3 c4"
        >
          <a
            href="/senioridade"
          >
            Junior, pleno e senior
          </a>
        </h2>
        <p
          class="c5"
        >
          Senioridade em desenvolvimento de sofware junior, pleno e senior
        </p>
      </div>
      <div
        class="c2"
      >
        <a
          href="/desenvolvimento-web"
        >
          <img
            alt="desenvolvimento web"
            class="c6"
            src="https://res.cloudinary.com/drko8mcj9/image/upload/v1691449461/photo_1498050108023_c5249f4df085_df84325049.webp"
          />
        </a>
        <h2
          class="c3 c4"
        >
          <a
            href="/desenvolvimento-web"
          >
            desenvolvimento web
          </a>
        </h2>
        <p
          class="c5"
        >
          As varias areas de desenvolvimento web
        </p>
      </div>
    </div>
  </div>
   
</div>
`;
