// Jest Snapshot v1, https://goo.gl/fbAQLP

exports[`<ArticleMeta /> should match snapshot 1`] = `
.c0 {
  font-size: 1.4rem;
  color: #AAAAAA;
  font-style: italic;
}

.c0 .categories span::after {
  content: ', ';
}

.c0 .categories span:last-child::after {
  content: '';
}

.c0 a {
  color: #dc143c;
  text-decoration: none;
  transition: all 300ms ease-in-out;
}

.c0 a:hover {
  filter: brightness(50%);
}

<div>
   
  <div
    class="c0"
  >
    <p>
      <span>
        Por 
      </span>
      <a
        href="/author/patricia"
      >
        Patricia
      </a>
      <span
        class="separator"
      >
         | 
      </span>
      <span
        class="categories"
      >
        <span>
          <a
            href="/category/desenvolvimento"
          >
            desenvolvimento
          </a>
        </span>
      </span>
    </p>
  </div>
   
</div>
`;
